<?xml version="1.0" encoding="utf-8" standalone="yes" ?>
<rss version="2.0" xmlns:atom="http://www.w3.org/2005/Atom">
  <channel>
    <title>Red Hat on BTW IT Blog</title>
    <link>http://example.org/tags/red-hat/</link>
    <description>Recent content in Red Hat on BTW IT Blog</description>
    <generator>Hugo -- gohugo.io</generator>
    <language>en-us</language>
    <lastBuildDate>Mon, 26 Sep 2016 05:19:53 +0000</lastBuildDate>
    
	<atom:link href="http://example.org/tags/red-hat/index.xml" rel="self" type="application/rss+xml" />
    
    
    <item>
      <title>Extending Hard Drive  RedHat 7</title>
      <link>http://example.org/index.php/2016/09/26/extending-hard-drive-redhat-7/</link>
      <pubDate>Mon, 26 Sep 2016 05:19:53 +0000</pubDate>
      
      <guid>http://example.org/index.php/2016/09/26/extending-hard-drive-redhat-7/</guid>
      <description>Check current disk# fdisk -l Disk /dev/sda: 41.9 GB, 41943040000 bytes, 81920000 sectors Units = sectors of 1 * 512 = 512 bytes Sector size (logical/physical): 512 bytes / 512 bytes I/O size (minimum/optimal): 512 bytes / 512 bytes Disk label type: dos Disk identifier: 0x000d1957 Device Boot Start End Blocks Id System /dev/sda1 * 2048 1026047 512000 83 Linux /dev/sda2 1026048 81919999 40446976 8e Linux LVM 
Extend Virtual disk</description>
    </item>
    
  </channel>
</rss>